WARNING: A restricted method in java.lang.System has been called
WARNING: java.lang.System::load has been called by net.rubygrapefruit.platform.internal.NativeLibraryLoader in an unnamed module (file:/Users/sumaiyabinterafiq/.gradle/wrapper/dists/gradle-8.4-bin/1w5dpkrfk8irigvoxmyhowfim/gradle-8.4/lib/native-platform-0.22-milestone-25.jar)
WARNING: Use --enable-native-access=ALL-UNNAMED to avoid a warning for callers in this module
WARNING: Restricted methods will be blocked in a future release unless native access is enabled

To honour the JVM settings for this build a single-use Daemon process will be forked. For more on this, please refer to https://docs.gradle.org/8.4/userguide/gradle_daemon.html#sec:disabling_the_daemon in the Gradle documentation.
Daemon will be stopped at the end of the build 
> Task :checkKotlinGradlePluginConfigurationErrors
> Task :compileKotlin UP-TO-DATE
> Task :compileJava NO-SOURCE
> Task :processResources UP-TO-DATE
> Task :classes UP-TO-DATE
> Task :resolveMainClassName UP-TO-DATE

> Task :bootRun

  .   ____          _            __ _ _
 /\\ / ___'_ __ _ _(_)_ __  __ _ \ \ \ \
( ( )\___ | '_ | '_| | '_ \/ _` | \ \ \ \
 \\/  ___)| |_)| | | | | || (_| |  ) ) ) )
  '  |____| .__|_| |_|_| |_\__, | / / / /
 =========|_|==============|___/=/_/_/_/
[32m :: Spring Boot :: [39m              [2m (v3.2.0)[0;39m

[2m2025-09-09T00:38:53.883+06:00[0;39m [32m INFO[0;39m [35m8243[0;39m [2m---[0;39m [2m[           main][0;39m [2m[0;39m[36mc.automan.backend.BackendApplicationKt  [0;39m [2m:[0;39m Starting BackendApplicationKt using Java 24.0.2 with PID 8243 (/Users/sumaiyabinterafiq/Development/Automan2.0/backend/build/classes/kotlin/main started by sumaiyabinterafiq in /Users/sumaiyabinterafiq/Development/Automan2.0/backend)
[2m2025-09-09T00:38:53.884+06:00[0;39m [32m INFO[0;39m [35m8243[0;39m [2m---[0;39m [2m[           main][0;39m [2m[0;39m[36mc.automan.backend.BackendApplicationKt  [0;39m [2m:[0;39m No active profile set, falling back to 1 default profile: "default"
[2m2025-09-09T00:38:54.150+06:00[0;39m [32m INFO[0;39m [35m8243[0;39m [2m---[0;39m [2m[           main][0;39m [2m[0;39m[36m.s.d.r.c.RepositoryConfigurationDelegate[0;39m [2m:[0;39m Bootstrapping Spring Data JPA repositories in DEFAULT mode.
[2m2025-09-09T00:38:54.173+06:00[0;39m [32m INFO[0;39m [35m8243[0;39m [2m---[0;39m [2m[           main][0;39m [2m[0;39m[36m.s.d.r.c.RepositoryConfigurationDelegate[0;39m [2m:[0;39m Finished Spring Data repository scanning in 17 ms. Found 1 JPA repository interface.
WARNING: A restricted method in java.lang.System has been called
WARNING: java.lang.System::load has been called by org.apache.tomcat.jni.Library in an unnamed module (file:/Users/sumaiyabinterafiq/.gradle/caches/modules-2/files-2.1/org.apache.tomcat.embed/tomcat-embed-core/10.1.16/176162fb3998856a90436826034ffe5d25beaeb9/tomcat-embed-core-10.1.16.jar)
WARNING: Use --enable-native-access=ALL-UNNAMED to avoid a warning for callers in this module
WARNING: Restricted methods will be blocked in a future release unless native access is enabled

[2m2025-09-09T00:38:54.316+06:00[0;39m [32m INFO[0;39m [35m8243[0;39m [2m---[0;39m [2m[           main][0;39m [2m[0;39m[36mo.s.b.w.embedded.tomcat.TomcatWebServer [0;39m [2m:[0;39m Tomcat initialized with port 8083 (http)
[2m2025-09-09T00:38:54.319+06:00[0;39m [32m INFO[0;39m [35m8243[0;39m [2m---[0;39m [2m[           main][0;39m [2m[0;39m[36mo.apache.catalina.core.StandardService  [0;39m [2m:[0;39m Starting service [Tomcat]
[2m2025-09-09T00:38:54.319+06:00[0;39m [32m INFO[0;39m [35m8243[0;39m [2m---[0;39m [2m[           main][0;39m [2m[0;39m[36mo.apache.catalina.core.StandardEngine   [0;39m [2m:[0;39m Starting Servlet engine: [Apache Tomcat/10.1.16]
[2m2025-09-09T00:38:54.339+06:00[0;39m [32m INFO[0;39m [35m8243[0;39m [2m---[0;39m [2m[           main][0;39m [2m[0;39m[36mo.a.c.c.C.[Tomcat].[localhost].[/api]   [0;39m [2m:[0;39m Initializing Spring embedded WebApplicationContext
[2m2025-09-09T00:38:54.339+06:00[0;39m [32m INFO[0;39m [35m8243[0;39m [2m---[0;39m [2m[           main][0;39m [2m[0;39m[36mw.s.c.ServletWebServerApplicationContext[0;39m [2m:[0;39m Root WebApplicationContext: initialization completed in 433 ms
[2m2025-09-09T00:38:54.386+06:00[0;39m [32m INFO[0;39m [35m8243[0;39m [2m---[0;39m [2m[           main][0;39m [2m[0;39m[36mo.hibernate.jpa.internal.util.LogHelper [0;39m [2m:[0;39m HHH000204: Processing PersistenceUnitInfo [name: default]
[2m2025-09-09T00:38:54.420+06:00[0;39m [32m INFO[0;39m [35m8243[0;39m [2m---[0;39m [2m[           main][0;39m [2m[0;39m[36morg.hibernate.Version                   [0;39m [2m:[0;39m HHH000412: Hibernate ORM core version 6.3.1.Final
[2m2025-09-09T00:38:54.431+06:00[0;39m [32m INFO[0;39m [35m8243[0;39m [2m---[0;39m [2m[           main][0;39m [2m[0;39m[36mo.h.c.internal.RegionFactoryInitiator   [0;39m [2m:[0;39m HHH000026: Second-level cache disabled
[2m2025-09-09T00:38:54.501+06:00[0;39m [32m INFO[0;39m [35m8243[0;39m [2m---[0;39m [2m[           main][0;39m [2m[0;39m[36mo.s.o.j.p.SpringPersistenceUnitInfo     [0;39m [2m:[0;39m No LoadTimeWeaver setup: ignoring JPA class transformer
[2m2025-09-09T00:38:54.509+06:00[0;39m [32m INFO[0;39m [35m8243[0;39m [2m---[0;39m [2m[           main][0;39m [2m[0;39m[36mcom.zaxxer.hikari.HikariDataSource      [0;39m [2m:[0;39m HikariPool-1 - Starting...
[2m2025-09-09T00:38:54.569+06:00[0;39m [32m INFO[0;39m [35m8243[0;39m [2m---[0;39m [2m[           main][0;39m [2m[0;39m[36mcom.zaxxer.hikari.pool.HikariPool       [0;39m [2m:[0;39m HikariPool-1 - Added connection com.mysql.cj.jdbc.ConnectionImpl@74a58a06
[2m2025-09-09T00:38:54.570+06:00[0;39m [32m INFO[0;39m [35m8243[0;39m [2m---[0;39m [2m[           main][0;39m [2m[0;39m[36mcom.zaxxer.hikari.HikariDataSource      [0;39m [2m:[0;39m HikariPool-1 - Start completed.
[2m2025-09-09T00:38:54.591+06:00[0;39m [33m WARN[0;39m [35m8243[0;39m [2m---[0;39m [2m[           main][0;39m [2m[0;39m[36morg.hibernate.orm.deprecation           [0;39m [2m:[0;39m HHH90000025: MySQL8Dialect does not need to be specified explicitly using 'hibernate.dialect' (remove the property setting and it will be selected by default)
[2m2025-09-09T00:38:54.591+06:00[0;39m [33m WARN[0;39m [35m8243[0;39m [2m---[0;39m [2m[           main][0;39m [2m[0;39m[36morg.hibernate.orm.deprecation           [0;39m [2m:[0;39m HHH90000026: MySQL8Dialect has been deprecated; use org.hibernate.dialect.MySQLDialect instead
[2m2025-09-09T00:38:54.806+06:00[0;39m [32m INFO[0;39m [35m8243[0;39m [2m---[0;39m [2m[           main][0;39m [2m[0;39m[36mo.h.e.t.j.p.i.JtaPlatformInitiator      [0;39m [2m:[0;39m HHH000489: No JTA platform available (set 'hibernate.transaction.jta.platform' to enable JTA platform integration)
[2m2025-09-09T00:38:54.838+06:00[0;39m [32m INFO[0;39m [35m8243[0;39m [2m---[0;39m [2m[           main][0;39m [2m[0;39m[36mj.LocalContainerEntityManagerFactoryBean[0;39m [2m:[0;39m Initialized JPA EntityManagerFactory for persistence unit 'default'
[2m2025-09-09T00:38:55.039+06:00[0;39m [32m INFO[0;39m [35m8243[0;39m [2m---[0;39m [2m[           main][0;39m [2m[0;39m[36mo.s.d.j.r.query.QueryEnhancerFactory    [0;39m [2m:[0;39m Hibernate is in classpath; If applicable, HQL parser will be used.
[2m2025-09-09T00:38:55.210+06:00[0;39m [33m WARN[0;39m [35m8243[0;39m [2m---[0;39m [2m[           main][0;39m [2m[0;39m[36mJpaBaseConfiguration$JpaWebConfiguration[0;39m [2m:[0;39m spring.jpa.open-in-view is enabled by default. Therefore, database queries may be performed during view rendering. Explicitly configure spring.jpa.open-in-view to disable this warning
[2m2025-09-09T00:38:55.300+06:00[0;39m [32m INFO[0;39m [35m8243[0;39m [2m---[0;39m [2m[           main][0;39m [2m[0;39m[36mo.s.b.w.embedded.tomcat.TomcatWebServer [0;39m [2m:[0;39m Tomcat started on port 8083 (http) with context path '/api'
[2m2025-09-09T00:38:55.302+06:00[0;39m [32m INFO[0;39m [35m8243[0;39m [2m---[0;39m [2m[           main][0;39m [2m[0;39m[36mc.automan.backend.BackendApplicationKt  [0;39m [2m:[0;39m Started BackendApplicationKt in 1.543 seconds (process running for 1.653)
[2m2025-09-09T00:39:13.340+06:00[0;39m [32m INFO[0;39m [35m8243[0;39m [2m---[0;39m [2m[nio-8083-exec-1][0;39m [2m[0;39m[36mo.a.c.c.C.[Tomcat].[localhost].[/api]   [0;39m [2m:[0;39m Initializing Spring DispatcherServlet 'dispatcherServlet'
[2m2025-09-09T00:39:13.340+06:00[0;39m [32m INFO[0;39m [35m8243[0;39m [2m---[0;39m [2m[nio-8083-exec-1][0;39m [2m[0;39m[36mo.s.web.servlet.DispatcherServlet       [0;39m [2m:[0;39m Initializing Servlet 'dispatcherServlet'
[2m2025-09-09T00:39:13.340+06:00[0;39m [32m INFO[0;39m [35m8243[0;39m [2m---[0;39m [2m[nio-8083-exec-1][0;39m [2m[0;39m[36mo.s.web.servlet.DispatcherServlet       [0;39m [2m:[0;39m Completed initialization in 0 ms
[2m2025-09-09T01:01:40.688+06:00[0;39m [33m WARN[0;39m [35m8243[0;39m [2m---[0;39m [2m[l-1 housekeeper][0;39m [2m[0;39m[36mcom.zaxxer.hikari.pool.HikariPool       [0;39m [2m:[0;39m HikariPool-1 - Thread starvation or clock leap detected (housekeeper delta=2m15s804ms).
[2m2025-09-09T01:12:26.025+06:00[0;39m [33m WARN[0;39m [35m8243[0;39m [2m---[0;39m [2m[l-1 housekeeper][0;39m [2m[0;39m[36mcom.zaxxer.hikari.pool.HikariPool       [0;39m [2m:[0;39m HikariPool-1 - Thread starvation or clock leap detected (housekeeper delta=45s192ms).
[2m2025-09-09T03:54:25.594+06:00[0;39m [33m WARN[0;39m [35m8243[0;39m [2m---[0;39m [2m[l-1 housekeeper][0;39m [2m[0;39m[36mcom.zaxxer.hikari.pool.HikariPool       [0;39m [2m:[0;39m HikariPool-1 - Thread starvation or clock leap detected (housekeeper delta=17m28s336ms).
[2m2025-09-09T04:44:27.690+06:00[0;39m [33m WARN[0;39m [35m8243[0;39m [2m---[0;39m [2m[l-1 housekeeper][0;39m [2m[0;39m[36mcom.zaxxer.hikari.pool.HikariPool       [0;39m [2m:[0;39m HikariPool-1 - Thread starvation or clock leap detected (housekeeper delta=50m2s98ms).
[2m2025-09-09T05:01:22.360+06:00[0;39m [33m WARN[0;39m [35m8243[0;39m [2m---[0;39m [2m[l-1 housekeeper][0;39m [2m[0;39m[36mcom.zaxxer.hikari.pool.HikariPool       [0;39m [2m:[0;39m HikariPool-1 - Thread starvation or clock leap detected (housekeeper delta=16m54s670ms).
[2m2025-09-09T05:55:56.017+06:00[0;39m [33m WARN[0;39m [35m8243[0;39m [2m---[0;39m [2m[l-1 housekeeper][0;39m [2m[0;39m[36mcom.zaxxer.hikari.pool.HikariPool       [0;39m [2m:[0;39m HikariPool-1 - Thread starvation or clock leap detected (housekeeper delta=54m33s657ms).
[2m2025-09-09T06:12:16.611+06:00[0;39m [33m WARN[0;39m [35m8243[0;39m [2m---[0;39m [2m[l-1 housekeeper][0;39m [2m[0;39m[36mcom.zaxxer.hikari.pool.HikariPool       [0;39m [2m:[0;39m HikariPool-1 - Thread starvation or clock leap detected (housekeeper delta=16m20s594ms).
[2m2025-09-09T06:29:42.467+06:00[0;39m [33m WARN[0;39m [35m8243[0;39m [2m---[0;39m [2m[l-1 housekeeper][0;39m [2m[0;39m[36mcom.zaxxer.hikari.pool.HikariPool       [0;39m [2m:[0;39m HikariPool-1 - Thread starvation or clock leap detected (housekeeper delta=17m25s857ms).
[2m2025-09-09T06:39:13.896+06:00[0;39m [33m WARN[0;39m [35m8243[0;39m [2m---[0;39m [2m[l-1 housekeeper][0;39m [2m[0;39m[36mcom.zaxxer.hikari.pool.HikariPool       [0;39m [2m:[0;39m HikariPool-1 - Thread starvation or clock leap detected (housekeeper delta=9m31s428ms).
[2m2025-09-09T06:56:46.826+06:00[0;39m [33m WARN[0;39m [35m8243[0;39m [2m---[0;39m [2m[l-1 housekeeper][0;39m [2m[0;39m[36mcom.zaxxer.hikari.pool.HikariPool       [0;39m [2m:[0;39m HikariPool-1 - Thread starvation or clock leap detected (housekeeper delta=17m2s919ms).
[2m2025-09-09T07:15:09.822+06:00[0;39m [33m WARN[0;39m [35m8243[0;39m [2m---[0;39m [2m[l-1 housekeeper][0;39m [2m[0;39m[36mcom.zaxxer.hikari.pool.HikariPool       [0;39m [2m:[0;39m HikariPool-1 - Thread starvation or clock leap detected (housekeeper delta=18m22s996ms).
[2m2025-09-09T07:30:37.853+06:00[0;39m [33m WARN[0;39m [35m8243[0;39m [2m---[0;39m [2m[l-1 housekeeper][0;39m [2m[0;39m[36mcom.zaxxer.hikari.pool.HikariPool       [0;39m [2m:[0;39m HikariPool-1 - Thread starvation or clock leap detected (housekeeper delta=15m28s32ms).
[2m2025-09-09T07:40:21.837+06:00[0;39m [33m WARN[0;39m [35m8243[0;39m [2m---[0;39m [2m[l-1 housekeeper][0;39m [2m[0;39m[36mcom.zaxxer.hikari.pool.HikariPool       [0;39m [2m:[0;39m HikariPool-1 - Thread starvation or clock leap detected (housekeeper delta=9m13s960ms).
[2m2025-09-09T07:58:11.553+06:00[0;39m [33m WARN[0;39m [35m8243[0;39m [2m---[0;39m [2m[l-1 housekeeper][0;39m [2m[0;39m[36mcom.zaxxer.hikari.pool.HikariPool       [0;39m [2m:[0;39m HikariPool-1 - Thread starvation or clock leap detected (housekeeper delta=17m49s716ms).
[2m2025-09-09T08:14:53.223+06:00[0;39m [33m WARN[0;39m [35m8243[0;39m [2m---[0;39m [2m[l-1 housekeeper][0;39m [2m[0;39m[36mcom.zaxxer.hikari.pool.HikariPool       [0;39m [2m:[0;39m HikariPool-1 - Thread starvation or clock leap detected (housekeeper delta=16m41s669ms).
[2m2025-09-09T08:31:29.225+06:00[0;39m [33m WARN[0;39m [35m8243[0;39m [2m---[0;39m [2m[l-1 housekeeper][0;39m [2m[0;39m[36mcom.zaxxer.hikari.pool.HikariPool       [0;39m [2m:[0;39m HikariPool-1 - Thread starvation or clock leap detected (housekeeper delta=16m36s2ms).
[2m2025-09-09T08:57:52.658+06:00[0;39m [33m WARN[0;39m [35m8243[0;39m [2m---[0;39m [2m[l-1 housekeeper][0;39m [2m[0;39m[36mcom.zaxxer.hikari.pool.HikariPool       [0;39m [2m:[0;39m HikariPool-1 - Thread starvation or clock leap detected (housekeeper delta=26m23s433ms).
[2m2025-09-09T09:08:39.534+06:00[0;39m [33m WARN[0;39m [35m8243[0;39m [2m---[0;39m [2m[l-1 housekeeper][0;39m [2m[0;39m[36mcom.zaxxer.hikari.pool.HikariPool       [0;39m [2m:[0;39m HikariPool-1 - Thread starvation or clock leap detected (housekeeper delta=10m46s876ms).
[2m2025-09-09T09:24:38.257+06:00[0;39m [33m WARN[0;39m [35m8243[0;39m [2m---[0;39m [2m[l-1 housekeeper][0;39m [2m[0;39m[36mcom.zaxxer.hikari.pool.HikariPool       [0;39m [2m:[0;39m HikariPool-1 - Thread starvation or clock leap detected (housekeeper delta=15m28s711ms).
[2m2025-09-09T09:41:36.793+06:00[0;39m [33m WARN[0;39m [35m8243[0;39m [2m---[0;39m [2m[l-1 housekeeper][0;39m [2m[0;39m[36mcom.zaxxer.hikari.pool.HikariPool       [0;39m [2m:[0;39m HikariPool-1 - Thread starvation or clock leap detected (housekeeper delta=15m28s523ms).
[2m2025-09-09T09:57:34.463+06:00[0;39m [33m WARN[0;39m [35m8243[0;39m [2m---[0;39m [2m[l-1 housekeeper][0;39m [2m[0;39m[36mcom.zaxxer.hikari.pool.HikariPool       [0;39m [2m:[0;39m HikariPool-1 - Thread starvation or clock leap detected (housekeeper delta=15m27s662ms).
[2m2025-09-09T10:00:19.657+06:00[0;39m [33m WARN[0;39m [35m8243[0;39m [2m---[0;39m [2m[l-1 housekeeper][0;39m [2m[0;39m[36mcom.zaxxer.hikari.pool.HikariPool       [0;39m [2m:[0;39m HikariPool-1 - Thread starvation or clock leap detected (housekeeper delta=45s87ms).
[2m2025-09-09T10:33:26.114+06:00[0;39m [33m WARN[0;39m [35m8243[0;39m [2m---[0;39m [2m[l-1 housekeeper][0;39m [2m[0;39m[36mcom.zaxxer.hikari.pool.HikariPool       [0;39m [2m:[0;39m HikariPool-1 - Thread starvation or clock leap detected (housekeeper delta=29m1s956ms).
[2m2025-09-09T10:42:12.550+06:00[0;39m [33m WARN[0;39m [35m8243[0;39m [2m---[0;39m [2m[l-1 housekeeper][0;39m [2m[0;39m[36mcom.zaxxer.hikari.pool.HikariPool       [0;39m [2m:[0;39m HikariPool-1 - Thread starvation or clock leap detected (housekeeper delta=8m10s560ms).
[2m2025-09-09T11:31:50.420+06:00[0;39m [33m WARN[0;39m [35m8243[0;39m [2m---[0;39m [2m[l-1 housekeeper][0;39m [2m[0;39m[36mcom.zaxxer.hikari.pool.HikariPool       [0;39m [2m:[0;39m HikariPool-1 - Thread starvation or clock leap detected (housekeeper delta=49m37s875ms).
[2m2025-09-09T11:42:28.073+06:00[0;39m [33m WARN[0;39m [35m8243[0;39m [2m---[0;39m [2m[l-1 housekeeper][0;39m [2m[0;39m[36mcom.zaxxer.hikari.pool.HikariPool       [0;39m [2m:[0;39m HikariPool-1 - Thread starvation or clock leap detected (housekeeper delta=10m37s652ms).
[2m2025-09-09T12:43:19.994+06:00[0;39m [33m WARN[0;39m [35m8243[0;39m [2m---[0;39m [2m[l-1 housekeeper][0;39m [2m[0;39m[36mcom.zaxxer.hikari.pool.HikariPool       [0;39m [2m:[0;39m HikariPool-1 - Thread starvation or clock leap detected (housekeeper delta=1h51s921ms).
[2m2025-09-09T13:44:16.339+06:00[0;39m [33m WARN[0;39m [35m8243[0;39m [2m---[0;39m [2m[l-1 housekeeper][0;39m [2m[0;39m[36mcom.zaxxer.hikari.pool.HikariPool       [0;39m [2m:[0;39m HikariPool-1 - Thread starvation or clock leap detected (housekeeper delta=1h21s950ms).
[2m2025-09-09T13:49:47.771+06:00[0;39m [33m WARN[0;39m [35m8243[0;39m [2m---[0;39m [2m[l-1 housekeeper][0;39m [2m[0;39m[36mcom.zaxxer.hikari.pool.HikariPool       [0;39m [2m:[0;39m HikariPool-1 - Thread starvation or clock leap detected (housekeeper delta=5m31s433ms).
[2m2025-09-09T14:45:10.810+06:00[0;39m [33m WARN[0;39m [35m8243[0;39m [2m---[0;39m [2m[l-1 housekeeper][0;39m [2m[0;39m[36mcom.zaxxer.hikari.pool.HikariPool       [0;39m [2m:[0;39m HikariPool-1 - Thread starvation or clock leap detected (housekeeper delta=55m23s37ms).
[2m2025-09-09T16:01:23.022+06:00[0;39m [33m WARN[0;39m [35m8243[0;39m [2m---[0;39m [2m[l-1 housekeeper][0;39m [2m[0;39m[36mcom.zaxxer.hikari.pool.HikariPool       [0;39m [2m:[0;39m HikariPool-1 - Thread starvation or clock leap detected (housekeeper delta=1h14m42s150ms).
[2m2025-09-09T16:17:04.916+06:00[0;39m [33m WARN[0;39m [35m8243[0;39m [2m---[0;39m [2m[l-1 housekeeper][0;39m [2m[0;39m[36mcom.zaxxer.hikari.pool.HikariPool       [0;39m [2m:[0;39m HikariPool-1 - Thread starvation or clock leap detected (housekeeper delta=15m41s895ms).
[2m2025-09-09T17:05:16.563+06:00[0;39m [33m WARN[0;39m [35m8243[0;39m [2m---[0;39m [2m[l-1 housekeeper][0;39m [2m[0;39m[36mcom.zaxxer.hikari.pool.HikariPool       [0;39m [2m:[0;39m HikariPool-1 - Thread starvation or clock leap detected (housekeeper delta=48m11s648ms).
[2m2025-09-09T17:39:16.106+06:00[0;39m [33m WARN[0;39m [35m8243[0;39m [2m---[0;39m [2m[l-1 housekeeper][0;39m [2m[0;39m[36mcom.zaxxer.hikari.pool.HikariPool       [0;39m [2m:[0;39m HikariPool-1 - Thread starvation or clock leap detected (housekeeper delta=33m59s542ms).
[2m2025-09-09T18:21:56.877+06:00[0;39m [33m WARN[0;39m [35m8243[0;39m [2m---[0;39m [2m[l-1 housekeeper][0;39m [2m[0;39m[36mcom.zaxxer.hikari.pool.HikariPool       [0;39m [2m:[0;39m HikariPool-1 - Thread starvation or clock leap detected (housekeeper delta=42m40s772ms).
[2m2025-09-09T18:38:20.651+06:00[0;39m [33m WARN[0;39m [35m8243[0;39m [2m---[0;39m [2m[l-1 housekeeper][0;39m [2m[0;39m[36mcom.zaxxer.hikari.pool.HikariPool       [0;39m [2m:[0;39m HikariPool-1 - Thread starvation or clock leap detected (housekeeper delta=16m23s773ms).
[2m2025-09-09T19:21:33.543+06:00[0;39m [33m WARN[0;39m [35m8243[0;39m [2m---[0;39m [2m[l-1 housekeeper][0;39m [2m[0;39m[36mcom.zaxxer.hikari.pool.HikariPool       [0;39m [2m:[0;39m HikariPool-1 - Thread starvation or clock leap detected (housekeeper delta=8m12s604ms).
