kotlin version: 1.9.20
error message: java.lang.Exception: IR lowering failed at: MinimalPurchaseApp.kt
	at androidx.compose.compiler.plugins.kotlin.lower.LiveLiteralTransformer.visitFile(LiveLiteralTransformer.kt:1044)
	at org.jetbrains.kotlin.ir.visitors.IrElementTransformerVoid.visitFile(IrElementTransformerVoid.kt:48)
	at org.jetbrains.kotlin.ir.visitors.IrElementTransformerVoid.visitFile(IrElementTransformerVoid.kt:24)
	at org.jetbrains.kotlin.ir.declarations.IrFile.accept(IrFile.kt:31)
	at org.jetbrains.kotlin.ir.declarations.IrFile.transform(IrFile.kt:34)
	at org.jetbrains.kotlin.ir.declarations.IrFile.transform(IrFile.kt:22)
	at org.jetbrains.kotlin.ir.util.TransformKt.transformInPlace(transform.kt:35)
	at org.jetbrains.kotlin.ir.declarations.IrModuleFragment.transformChildren(IrModuleFragment.kt:52)
	at org.jetbrains.kotlin.ir.visitors.IrElementTransformerVoidKt.transformChildrenVoid(IrElementTransformerVoid.kt:346)
	at androidx.compose.compiler.plugins.kotlin.lower.LiveLiteralTransformer.lower(LiveLiteralTransformer.kt:172)
	at androidx.compose.compiler.plugins.kotlin.ComposeIrGenerationExtension.generate(ComposeIrGenerationExtension.kt:124)
	at org.jetbrains.kotlin.ir.backend.js.KlibKt.generateModuleFragmentWithPlugins$lambda$11(klib.kt:439)
	at org.jetbrains.kotlin.psi2ir.Psi2IrTranslator.generateModuleFragment(Psi2IrTranslator.kt:107)
	at org.jetbrains.kotlin.psi2ir.Psi2IrTranslator.generateModuleFragment$default(Psi2IrTranslator.kt:84)
	at org.jetbrains.kotlin.ir.backend.js.KlibKt.generateModuleFragmentWithPlugins(klib.kt:448)
	at org.jetbrains.kotlin.cli.js.klib.IrForKlibKt.generateIrForKlibSerialization(irForKlib.kt:100)
	at org.jetbrains.kotlin.cli.js.K2JsIrCompiler.processSourceModule(K2JsIrCompiler.kt:447)
	at org.jetbrains.kotlin.cli.js.K2JsIrCompiler.doExecute(K2JsIrCompiler.kt:273)
	at org.jetbrains.kotlin.cli.js.K2JSCompiler.doExecute(K2JSCompiler.java:181)
	at org.jetbrains.kotlin.cli.js.K2JSCompiler.doExecute(K2JSCompiler.java:72)
	at org.jetbrains.kotlin.cli.common.CLICompiler.execImpl(CLICompiler.kt:104)
	at org.jetbrains.kotlin.cli.common.CLICompiler.execImpl(CLICompiler.kt:48)
	at org.jetbrains.kotlin.cli.common.CLITool.exec(CLITool.kt:101)
	at org.jetbrains.kotlin.incremental.IncrementalJsCompilerRunner.runCompiler(IncrementalJsCompilerRunner.kt:218)
	at org.jetbrains.kotlin.incremental.IncrementalJsCompilerRunner.runCompiler(IncrementalJsCompilerRunner.kt:86)
	at org.jetbrains.kotlin.incremental.IncrementalCompilerRunner.doCompile(IncrementalCompilerRunner.kt:477)
	at org.jetbrains.kotlin.incremental.IncrementalCompilerRunner.compileImpl(IncrementalCompilerRunner.kt:400)
	at org.jetbrains.kotlin.incremental.IncrementalCompilerRunner.compileNonIncrementally(IncrementalCompilerRunner.kt:281)
	at org.jetbrains.kotlin.incremental.IncrementalCompilerRunner.compile(IncrementalCompilerRunner.kt:125)
	at org.jetbrains.kotlin.incremental.IncrementalCompilerRunner.compile$default(IncrementalCompilerRunner.kt:109)
	at org.jetbrains.kotlin.daemon.CompileServiceImplBase.execJsIncrementalCompiler(CompileServiceImpl.kt:579)
	at org.jetbrains.kotlin.daemon.CompileServiceImplBase.access$execJsIncrementalCompiler(CompileServiceImpl.kt:105)
	at org.jetbrains.kotlin.daemon.CompileServiceImpl.compile(CompileServiceImpl.kt:1715)
	at java.base/jdk.internal.reflect.DirectMethodHandleAccessor.invoke(DirectMethodHandleAccessor.java:104)
	at java.base/java.lang.reflect.Method.invoke(Method.java:565)
	at java.rmi/sun.rmi.server.UnicastServerRef.dispatch(UnicastServerRef.java:351)
	at java.rmi/sun.rmi.transport.Transport.serviceCall(Transport.java:166)
	at java.rmi/sun.rmi.transport.tcp.TCPTransport.handleMessages(TCPTransport.java:543)
	at java.rmi/sun.rmi.transport.tcp.TCPTransport$ConnectionHandler.run0(TCPTransport.java:744)
	at java.rmi/sun.rmi.transport.tcp.TCPTransport$ConnectionHandler.run(TCPTransport.java:623)
	at java.base/java.util.concurrent.ThreadPoolExecutor.runWorker(ThreadPoolExecutor.java:1095)
	at java.base/java.util.concurrent.ThreadPoolExecutor$Worker.run(ThreadPoolExecutor.java:619)
	at java.base/java.lang.Thread.run(Thread.java:1447)
Caused by: java.lang.IllegalStateException: Duplicate live literal key found: String$fun-handleAddPurchase
Caused by element at: /Users/sumaiyabinterafiq/Development/Automan2.0/src/jsMain/kotlin/com/automan/purchase/MinimalPurchaseApp.kt:172:13
If you encounter this error, please file a bug at https://issuetracker.google.com/issues?q=componentid:610764
Try adding the `@NoLiveLiterals` annotation around the surrounding code to avoid this exception.
	at androidx.compose.compiler.plugins.kotlin.lower.LiveLiteralTransformer.visitConst(LiveLiteralTransformer.kt:428)
	at org.jetbrains.kotlin.ir.visitors.IrElementTransformerVoid.visitConst(IrElementTransformerVoid.kt:138)
	at org.jetbrains.kotlin.ir.visitors.IrElementTransformerVoid.visitConst(IrElementTransformerVoid.kt:24)
	at org.jetbrains.kotlin.ir.expressions.IrConst.accept(IrConst.kt:24)
	at org.jetbrains.kotlin.ir.expressions.IrExpression.transform(IrExpression.kt:31)
	at org.jetbrains.kotlin.ir.expressions.IrExpression.transform(IrExpression.kt:22)
	at org.jetbrains.kotlin.ir.util.TransformKt.transformInPlace(transform.kt:35)
	at org.jetbrains.kotlin.ir.expressions.IrDynamicOperatorExpression.transformChildren(IrDynamicOperatorExpression.kt:37)
	at org.jetbrains.kotlin.ir.visitors.IrElementTransformerVoid.visitExpression(IrElementTransformerVoid.kt:131)
	at org.jetbrains.kotlin.ir.visitors.IrElementTransformerVoid.visitDynamicExpression(IrElementTransformerVoid.kt:314)
	at org.jetbrains.kotlin.ir.visitors.IrElementTransformerVoid.visitDynamicOperatorExpression(IrElementTransformerVoid.kt:317)
	at org.jetbrains.kotlin.ir.visitors.IrElementTransformerVoid.visitDynamicOperatorExpression(IrElementTransformerVoid.kt:319)
	at org.jetbrains.kotlin.ir.visitors.IrElementTransformerVoid.visitDynamicOperatorExpression(IrElementTransformerVoid.kt:24)
	at org.jetbrains.kotlin.ir.expressions.IrDynamicOperatorExpression.accept(IrDynamicOperatorExpression.kt:28)
	at org.jetbrains.kotlin.ir.expressions.IrExpression.transform(IrExpression.kt:31)
	at org.jetbrains.kotlin.ir.expressions.IrDynamicOperatorExpression.transformChildren(IrDynamicOperatorExpression.kt:36)
	at org.jetbrains.kotlin.ir.visitors.IrElementTransformerVoid.visitExpression(IrElementTransformerVoid.kt:131)
	at org.jetbrains.kotlin.ir.visitors.IrElementTransformerVoid.visitDynamicExpression(IrElementTransformerVoid.kt:314)
	at org.jetbrains.kotlin.ir.visitors.IrElementTransformerVoid.visitDynamicOperatorExpression(IrElementTransformerVoid.kt:317)
	at org.jetbrains.kotlin.ir.visitors.IrElementTransformerVoid.visitDynamicOperatorExpression(IrElementTransformerVoid.kt:319)
	at org.jetbrains.kotlin.ir.visitors.IrElementTransformerVoid.visitDynamicOperatorExpression(IrElementTransformerVoid.kt:24)
	at org.jetbrains.kotlin.ir.expressions.IrDynamicOperatorExpression.accept(IrDynamicOperatorExpression.kt:28)
	at org.jetbrains.kotlin.ir.expressions.IrExpression.transform(IrExpression.kt:31)
	at org.jetbrains.kotlin.ir.expressions.IrExpression.transform(IrExpression.kt:22)
	at org.jetbrains.kotlin.ir.util.TransformKt.transformInPlace(transform.kt:35)
	at org.jetbrains.kotlin.ir.expressions.IrBlockBody.transformChildren(IrBlockBody.kt:32)
	at org.jetbrains.kotlin.ir.visitors.IrElementTransformerVoid.visitBody(IrElementTransformerVoid.kt:108)
	at org.jetbrains.kotlin.ir.visitors.IrElementTransformerVoid.visitBlockBody(IrElementTransformerVoid.kt:117)
	at androidx.compose.compiler.plugins.kotlin.lower.LiveLiteralTransformer.access$visitBlockBody$s780614737(LiveLiteralTransformer.kt:159)
	at androidx.compose.compiler.plugins.kotlin.lower.LiveLiteralTransformer$visitBlockBody$1.invoke(LiveLiteralTransformer.kt:851)
	at androidx.compose.compiler.plugins.kotlin.lower.LiveLiteralTransformer$visitBlockBody$1.invoke(LiveLiteralTransformer.kt:850)
	at androidx.compose.compiler.plugins.kotlin.lower.DurableKeyVisitor.siblings(DurableKeyVisitor.kt:117)
	at androidx.compose.compiler.plugins.kotlin.lower.LiveLiteralTransformer.siblings(LiveLiteralTransformer.kt:194)
	at androidx.compose.compiler.plugins.kotlin.lower.LiveLiteralTransformer.visitBlockBody(LiveLiteralTransformer.kt:850)
	at org.jetbrains.kotlin.ir.visitors.IrElementTransformerVoid.visitBlockBody(IrElementTransformerVoid.kt:118)
	at org.jetbrains.kotlin.ir.visitors.IrElementTransformerVoid.visitBlockBody(IrElementTransformerVoid.kt:24)
	at org.jetbrains.kotlin.ir.expressions.IrBlockBody.accept(IrBlockBody.kt:25)
	at org.jetbrains.kotlin.ir.expressions.IrBody.transform(IrBody.kt:22)
	at org.jetbrains.kotlin.ir.declarations.IrFunction.transformChildren(IrFunction.kt:62)
	at org.jetbrains.kotlin.ir.visitors.IrElementTransformerVoid.visitDeclaration(IrElementTransformerVoid.kt:57)
	at org.jetbrains.kotlin.ir.visitors.IrElementTransformerVoid.visitFunction(IrElementTransformerVoid.kt:69)
	at org.jetbrains.kotlin.ir.visitors.IrElementTransformerVoid.visitSimpleFunction(IrElementTransformerVoid.kt:72)
	at androidx.compose.compiler.plugins.kotlin.lower.LiveLiteralTransformer.access$visitSimpleFunction$s780614737(LiveLiteralTransformer.kt:159)
	at androidx.compose.compiler.plugins.kotlin.lower.LiveLiteralTransformer$visitSimpleFunction$1.invoke(LiveLiteralTransformer.kt:710)
	at androidx.compose.compiler.plugins.kotlin.lower.LiveLiteralTransformer$visitSimpleFunction$1.invoke(LiveLiteralTransformer.kt:710)
	at androidx.compose.compiler.plugins.kotlin.lower.DurableKeyVisitor.enter(DurableKeyVisitor.kt:96)
	at androidx.compose.compiler.plugins.kotlin.lower.LiveLiteralTransformer.enter(LiveLiteralTransformer.kt:192)
	at androidx.compose.compiler.plugins.kotlin.lower.LiveLiteralTransformer.visitSimpleFunction(LiveLiteralTransformer.kt:710)
	at org.jetbrains.kotlin.ir.visitors.IrElementTransformerVoid.visitSimpleFunction(IrElementTransformerVoid.kt:73)
	at org.jetbrains.kotlin.ir.visitors.IrElementTransformerVoid.visitSimpleFunction(IrElementTransformerVoid.kt:24)
	at org.jetbrains.kotlin.ir.declarations.IrSimpleFunction.accept(IrSimpleFunction.kt:37)
	at org.jetbrains.kotlin.ir.IrElementBase.transform(IrElementBase.kt:24)
	at org.jetbrains.kotlin.ir.util.TransformKt.transformInPlace(transform.kt:35)
	at org.jetbrains.kotlin.ir.declarations.IrFile.transformChildren(IrFile.kt:41)
	at org.jetbrains.kotlin.ir.visitors.IrElementTransformerVoid.visitPackageFragment(IrElementTransformerVoid.kt:41)
	at org.jetbrains.kotlin.ir.visitors.IrElementTransformerVoid.visitFile(IrElementTransformerVoid.kt:47)
	at androidx.compose.compiler.plugins.kotlin.lower.LiveLiteralTransformer.access$visitFile$s780614737(LiveLiteralTransformer.kt:159)
	at androidx.compose.compiler.plugins.kotlin.lower.LiveLiteralTransformer$visitFile$1$1.invoke(LiveLiteralTransformer.kt:550)
	at androidx.compose.compiler.plugins.kotlin.lower.LiveLiteralTransformer$visitFile$1$1.invoke(LiveLiteralTransformer.kt:480)
	at androidx.compose.compiler.plugins.kotlin.lower.DurableKeyVisitor.siblings(DurableKeyVisitor.kt:117)
	at androidx.compose.compiler.plugins.kotlin.lower.DurableKeyVisitor.root(DurableKeyVisitor.kt:152)
	at androidx.compose.compiler.plugins.kotlin.lower.LiveLiteralTransformer.visitFile(LiveLiteralTransformer.kt:480)
	... 42 more


